error 1
error 2
error 3
error 4
error 5
error 6
error 7
error 8
error 9
error 10
error 11
error 12
error 13
error 14
error 15
error 16
error 17
error 18
error 19
error 20
error 21
error 22
error 23
error 24
error 25
error 26
error 27
error 28
error 29
error 30
error 31
error 32
error 33
error 34
error 35
error 36
error 37
error 38
error 39
error 40
error 41
error 42
error 43
error 44
error 45
error 46
error 47
error 48
error 49
error 50
error 51
error 52
error 53
error 54
error 55
error 56
error 57
error 58
error 59
error 60
error 61
error 62
error 63
error 64
error 65
error 66
error 67
error 68
error 69
error 70
error 71
error 72
error 73
error 74
error 75
error 76
